// Jest Snapshot v1, https://goo.gl/fbAQLP

exports[`renders with image 1`] = `
<div
  className="Surface"
>
  <h1>
    Test
  </h1>
  <div
    className="MuiBox-root MuiBox-root-8 Body"
  >
    cateyes.jpg
  </div>
  <div
    className="MuiBox-root MuiBox-root-9 Comments"
  >
    <ul
      className="MuiList-root MuiList-padding"
    >
      <div
        aria-disabled={false}
        className="MuiButtonBase-root MuiListItem-root MuiListItem-gutters MuiListItem-button"
        onBlur={[Function]}
        onDragLeave={[Function]}
        onFocus={[Function]}
        onKeyDown={[Function]}
        onKeyUp={[Function]}
        onMouseDown={[Function]}
        onMouseLeave={[Function]}
        onMouseUp={[Function]}
        onTouchEnd={[Function]}
        onTouchMove={[Function]}
        onTouchStart={[Function]}
        role="button"
        tabIndex={0}
      >
        <div
          className="MuiListItemText-root"
        >
          <span
            className="MuiTypography-root MuiListItemText-primary MuiTypography-body1"
          >
            hi
          </span>
        </div>
      </div>
      <hr
        className="MuiDivider-root"
      />
      <div
        aria-disabled={false}
        className="MuiButtonBase-root MuiListItem-root MuiListItem-gutters MuiListItem-button"
        onBlur={[Function]}
        onDragLeave={[Function]}
        onFocus={[Function]}
        onKeyDown={[Function]}
        onKeyUp={[Function]}
        onMouseDown={[Function]}
        onMouseLeave={[Function]}
        onMouseUp={[Function]}
        onTouchEnd={[Function]}
        onTouchMove={[Function]}
        onTouchStart={[Function]}
        role="button"
        tabIndex={0}
      >
        <div
          className="MuiListItemText-root"
        >
          <span
            className="MuiTypography-root MuiListItemText-primary MuiTypography-body1"
          >
            hello
          </span>
        </div>
      </div>
      <hr
        className="MuiDivider-root"
      />
      <div
        aria-disabled={false}
        className="MuiButtonBase-root MuiListItem-root MuiListItem-gutters MuiListItem-button"
        onBlur={[Function]}
        onDragLeave={[Function]}
        onFocus={[Function]}
        onKeyDown={[Function]}
        onKeyUp={[Function]}
        onMouseDown={[Function]}
        onMouseLeave={[Function]}
        onMouseUp={[Function]}
        onTouchEnd={[Function]}
        onTouchMove={[Function]}
        onTouchStart={[Function]}
        role="button"
        tabIndex={0}
      >
        <div
          className="MuiListItemText-root"
        >
          <span
            className="MuiTypography-root MuiListItemText-primary MuiTypography-body1"
          >
            how
          </span>
        </div>
      </div>
      <hr
        className="MuiDivider-root"
      />
    </ul>
  </div>
</div>
`;

exports[`renders without props 1`] = `
<div
  className="Surface"
>
  <h1 />
  <div
    className="MuiBox-root MuiBox-root-2 Body"
  />
  <div
    className="MuiBox-root MuiBox-root-3 Comments"
  >
    <ul
      className="MuiList-root MuiList-padding"
    />
  </div>
</div>
`;
